// Jest Snapshot v1, https://goo.gl/fbAQLP

exports[`e2e should generate spec file 1`] = `
"import { test, expect } from '@playwright/test';

test.describe('Hello', () => {
  test('', async ({ page }) => {
    
  });
});
"
`;
